Timing Analyzer report for ADPLL_5_3
Thu Apr 13 16:36:49 2023
Quartus Prime Version 22.1std.1 Build 917 02/14/2023 SC Lite Edition


---------------------
; Table of Contents ;
---------------------
  1. Legal Notice
  2. Timing Analyzer Summary
  3. Parallel Compilation
  4. Clocks
  5. Slow 1100mV 85C Model Fmax Summary
  6. Timing Closure Recommendations
  7. Slow 1100mV 85C Model Setup Summary
  8. Slow 1100mV 85C Model Hold Summary
  9. Slow 1100mV 85C Model Recovery Summary
 10. Slow 1100mV 85C Model Removal Summary
 11. Slow 1100mV 85C Model Minimum Pulse Width Summary
 12. Slow 1100mV 85C Model Metastability Summary
 13. Slow 1100mV 0C Model Fmax Summary
 14. Slow 1100mV 0C Model Setup Summary
 15. Slow 1100mV 0C Model Hold Summary
 16. Slow 1100mV 0C Model Recovery Summary
 17. Slow 1100mV 0C Model Removal Summary
 18. Slow 1100mV 0C Model Minimum Pulse Width Summary
 19. Slow 1100mV 0C Model Metastability Summary
 20. Fast 1100mV 85C Model Setup Summary
 21. Fast 1100mV 85C Model Hold Summary
 22. Fast 1100mV 85C Model Recovery Summary
 23. Fast 1100mV 85C Model Removal Summary
 24. Fast 1100mV 85C Model Minimum Pulse Width Summary
 25. Fast 1100mV 85C Model Metastability Summary
 26. Fast 1100mV 0C Model Setup Summary
 27. Fast 1100mV 0C Model Hold Summary
 28. Fast 1100mV 0C Model Recovery Summary
 29. Fast 1100mV 0C Model Removal Summary
 30. Fast 1100mV 0C Model Minimum Pulse Width Summary
 31. Fast 1100mV 0C Model Metastability Summary
 32. Multicorner Timing Analysis Summary
 33. Board Trace Model Assignments
 34. Input Transition Times
 35. Signal Integrity Metrics (Slow 1100mv 0c Model)
 36. Signal Integrity Metrics (Slow 1100mv 85c Model)
 37. Signal Integrity Metrics (Fast 1100mv 0c Model)
 38. Signal Integrity Metrics (Fast 1100mv 85c Model)
 39. Setup Transfers
 40. Hold Transfers
 41. Recovery Transfers
 42. Removal Transfers
 43. Report TCCS
 44. Report RSKM
 45. Unconstrained Paths Summary
 46. Clock Status Summary
 47. Unconstrained Input Ports
 48. Unconstrained Output Ports
 49. Unconstrained Input Ports
 50. Unconstrained Output Ports
 51. Timing Analyzer Messages



----------------
; Legal Notice ;
----------------
Copyright (C) 2023  Intel Corporation. All rights reserved.
Your use of Intel Corporation's design tools, logic functions 
and other software and tools, and any partner logic 
functions, and any output files from any of the foregoing 
(including device programming or simulation files), and any 
associated documentation or information are expressly subject 
to the terms and conditions of the Intel Program License 
Subscription Agreement, the Intel Quartus Prime License Agreement,
the Intel FPGA IP License Agreement, or other applicable license
agreement, including, without limitation, that your use is for
the sole purpose of programming logic devices manufactured by
Intel and sold by Intel or its authorized distributors.  Please
refer to the applicable agreement for further details, at
https://fpgasoftware.intel.com/eula.



+--------------------------------------------------------------------------------+
; Timing Analyzer Summary                                                        ;
+-----------------------+--------------------------------------------------------+
; Quartus Prime Version ; Version 22.1std.1 Build 917 02/14/2023 SC Lite Edition ;
; Timing Analyzer       ; Legacy Timing Analyzer                                 ;
; Revision Name         ; ADPLL_5_3                                              ;
; Device Family         ; Cyclone V                                              ;
; Device Name           ; 5CGXFC7D6F27C7                                         ;
; Timing Models         ; Final                                                  ;
; Delay Model           ; Combined                                               ;
; Rise/Fall Delays      ; Enabled                                                ;
+-----------------------+--------------------------------------------------------+


+------------------------------------------+
; Parallel Compilation                     ;
+----------------------------+-------------+
; Processors                 ; Number      ;
+----------------------------+-------------+
; Number detected on machine ; 8           ;
; Maximum allowed            ; 4           ;
;                            ;             ;
; Average used               ; 2.39        ;
; Maximum used               ; 4           ;
;                            ;             ;
; Usage by Processor         ; % Time Used ;
;     Processor 1            ; 100.0%      ;
;     Processor 2            ;  46.3%      ;
;     Processor 3            ;  46.2%      ;
;     Processor 4            ;  46.2%      ;
+----------------------------+-------------+


+-------------------------------------------------------------------------------------------------------------------------------------------------------------------------------------+
; Clocks                                                                                                                                                                              ;
+------------+------+--------+------------+-------+-------+------------+-----------+-------------+-------+--------+-----------+------------+----------+--------+--------+-------------+
; Clock Name ; Type ; Period ; Frequency  ; Rise  ; Fall  ; Duty Cycle ; Divide by ; Multiply by ; Phase ; Offset ; Edge List ; Edge Shift ; Inverted ; Master ; Source ; Targets     ;
+------------+------+--------+------------+-------+-------+------------+-----------+-------------+-------+--------+-----------+------------+----------+--------+--------+-------------+
; F_input    ; Base ; 1.000  ; 1000.0 MHz ; 0.000 ; 0.500 ;            ;           ;             ;       ;        ;           ;            ;          ;        ;        ; { F_input } ;
; volt_0     ; Base ; 1.000  ; 1000.0 MHz ; 0.000 ; 0.500 ;            ;           ;             ;       ;        ;           ;            ;          ;        ;        ; { volt_0 }  ;
+------------+------+--------+------------+-------+-------+------------+-----------+-------------+-------+--------+-----------+------------+----------+--------+--------+-------------+


+--------------------------------------------------------------------------------------------+
; Slow 1100mV 85C Model Fmax Summary                                                         ;
+------------+-----------------+------------+------------------------------------------------+
; Fmax       ; Restricted Fmax ; Clock Name ; Note                                           ;
+------------+-----------------+------------+------------------------------------------------+
; 147.43 MHz ; 147.43 MHz      ; volt_0     ;                                                ;
; 387.0 MHz  ; 310.08 MHz      ; F_input    ; limit due to minimum period restriction (tmin) ;
+------------+-----------------+------------+------------------------------------------------+
This panel reports FMAX for every clock in the design, regardless of the user-specified clock periods.  FMAX is only computed for paths where the source and destination registers or ports are driven by the same clock.  Paths of different clocks, including generated clocks, are ignored.  For paths between a clock and its inversion, FMAX is computed as if the rising and falling edges are scaled along with FMAX, such that the duty cycle (in terms of a percentage) is maintained. Altera recommends that you always use clock constraints and other slack reports for sign-off analysis.


----------------------------------
; Timing Closure Recommendations ;
----------------------------------
HTML report is unavailable in plain text report export.


+-------------------------------------+
; Slow 1100mV 85C Model Setup Summary ;
+---------+----------+----------------+
; Clock   ; Slack    ; End Point TNS  ;
+---------+----------+----------------+
; volt_0  ; -138.777 ; -9231.922      ;
; F_input ; -4.735   ; -143.543       ;
+---------+----------+----------------+


+------------------------------------+
; Slow 1100mV 85C Model Hold Summary ;
+---------+-------+------------------+
; Clock   ; Slack ; End Point TNS    ;
+---------+-------+------------------+
; volt_0  ; 0.331 ; 0.000            ;
; F_input ; 0.453 ; 0.000            ;
+---------+-------+------------------+


+----------------------------------------+
; Slow 1100mV 85C Model Recovery Summary ;
+---------+--------+---------------------+
; Clock   ; Slack  ; End Point TNS       ;
+---------+--------+---------------------+
; volt_0  ; -2.504 ; -79.244             ;
; F_input ; -1.933 ; -14.381             ;
+---------+--------+---------------------+


+---------------------------------------+
; Slow 1100mV 85C Model Removal Summary ;
+---------+-------+---------------------+
; Clock   ; Slack ; End Point TNS       ;
+---------+-------+---------------------+
; volt_0  ; 0.598 ; 0.000               ;
; F_input ; 1.066 ; 0.000               ;
+---------+-------+---------------------+


+---------------------------------------------------+
; Slow 1100mV 85C Model Minimum Pulse Width Summary ;
+---------+--------+--------------------------------+
; Clock   ; Slack  ; End Point TNS                  ;
+---------+--------+--------------------------------+
; F_input ; -2.225 ; -82.661                        ;
; volt_0  ; -0.538 ; -84.095                        ;
+---------+--------+--------------------------------+


-----------------------------------------------
; Slow 1100mV 85C Model Metastability Summary ;
-----------------------------------------------
No synchronizer chains to report.


+--------------------------------------------------------------------------------------------+
; Slow 1100mV 0C Model Fmax Summary                                                          ;
+------------+-----------------+------------+------------------------------------------------+
; Fmax       ; Restricted Fmax ; Clock Name ; Note                                           ;
+------------+-----------------+------------+------------------------------------------------+
; 147.15 MHz ; 147.15 MHz      ; volt_0     ;                                                ;
; 391.85 MHz ; 310.08 MHz      ; F_input    ; limit due to minimum period restriction (tmin) ;
+------------+-----------------+------------+------------------------------------------------+
This panel reports FMAX for every clock in the design, regardless of the user-specified clock periods.  FMAX is only computed for paths where the source and destination registers or ports are driven by the same clock.  Paths of different clocks, including generated clocks, are ignored.  For paths between a clock and its inversion, FMAX is computed as if the rising and falling edges are scaled along with FMAX, such that the duty cycle (in terms of a percentage) is maintained. Altera recommends that you always use clock constraints and other slack reports for sign-off analysis.


+------------------------------------+
; Slow 1100mV 0C Model Setup Summary ;
+---------+----------+---------------+
; Clock   ; Slack    ; End Point TNS ;
+---------+----------+---------------+
; volt_0  ; -144.570 ; -9601.008     ;
; F_input ; -4.164   ; -127.806      ;
+---------+----------+---------------+


+-----------------------------------+
; Slow 1100mV 0C Model Hold Summary ;
+---------+-------+-----------------+
; Clock   ; Slack ; End Point TNS   ;
+---------+-------+-----------------+
; volt_0  ; 0.339 ; 0.000           ;
; F_input ; 0.453 ; 0.000           ;
+---------+-------+-----------------+


+---------------------------------------+
; Slow 1100mV 0C Model Recovery Summary ;
+---------+--------+--------------------+
; Clock   ; Slack  ; End Point TNS      ;
+---------+--------+--------------------+
; volt_0  ; -2.579 ; -82.428            ;
; F_input ; -1.786 ; -13.261            ;
+---------+--------+--------------------+


+--------------------------------------+
; Slow 1100mV 0C Model Removal Summary ;
+---------+-------+--------------------+
; Clock   ; Slack ; End Point TNS      ;
+---------+-------+--------------------+
; volt_0  ; 0.753 ; 0.000              ;
; F_input ; 0.997 ; 0.000              ;
+---------+-------+--------------------+


+--------------------------------------------------+
; Slow 1100mV 0C Model Minimum Pulse Width Summary ;
+---------+--------+-------------------------------+
; Clock   ; Slack  ; End Point TNS                 ;
+---------+--------+-------------------------------+
; F_input ; -2.225 ; -82.701                       ;
; volt_0  ; -0.538 ; -83.925                       ;
+---------+--------+-------------------------------+


----------------------------------------------
; Slow 1100mV 0C Model Metastability Summary ;
----------------------------------------------
No synchronizer chains to report.


+-------------------------------------+
; Fast 1100mV 85C Model Setup Summary ;
+---------+---------+-----------------+
; Clock   ; Slack   ; End Point TNS   ;
+---------+---------+-----------------+
; volt_0  ; -65.121 ; -4337.055       ;
; F_input ; -2.902  ; -82.013         ;
+---------+---------+-----------------+


+------------------------------------+
; Fast 1100mV 85C Model Hold Summary ;
+---------+-------+------------------+
; Clock   ; Slack ; End Point TNS    ;
+---------+-------+------------------+
; volt_0  ; 0.088 ; 0.000            ;
; F_input ; 0.217 ; 0.000            ;
+---------+-------+------------------+


+----------------------------------------+
; Fast 1100mV 85C Model Recovery Summary ;
+---------+--------+---------------------+
; Clock   ; Slack  ; End Point TNS       ;
+---------+--------+---------------------+
; volt_0  ; -0.909 ; -27.136             ;
; F_input ; -0.625 ; -4.367              ;
+---------+--------+---------------------+


+---------------------------------------+
; Fast 1100mV 85C Model Removal Summary ;
+---------+-------+---------------------+
; Clock   ; Slack ; End Point TNS       ;
+---------+-------+---------------------+
; volt_0  ; 0.081 ; 0.000               ;
; F_input ; 0.532 ; 0.000               ;
+---------+-------+---------------------+


+---------------------------------------------------+
; Fast 1100mV 85C Model Minimum Pulse Width Summary ;
+---------+--------+--------------------------------+
; Clock   ; Slack  ; End Point TNS                  ;
+---------+--------+--------------------------------+
; F_input ; -1.702 ; -58.725                        ;
; volt_0  ; -0.362 ; -32.352                        ;
+---------+--------+--------------------------------+


-----------------------------------------------
; Fast 1100mV 85C Model Metastability Summary ;
-----------------------------------------------
No synchronizer chains to report.


+------------------------------------+
; Fast 1100mV 0C Model Setup Summary ;
+---------+---------+----------------+
; Clock   ; Slack   ; End Point TNS  ;
+---------+---------+----------------+
; volt_0  ; -60.462 ; -4023.672      ;
; F_input ; -2.480  ; -70.061        ;
+---------+---------+----------------+


+-----------------------------------+
; Fast 1100mV 0C Model Hold Summary ;
+---------+-------+-----------------+
; Clock   ; Slack ; End Point TNS   ;
+---------+-------+-----------------+
; volt_0  ; 0.077 ; 0.000           ;
; F_input ; 0.200 ; 0.000           ;
+---------+-------+-----------------+


+---------------------------------------+
; Fast 1100mV 0C Model Recovery Summary ;
+---------+--------+--------------------+
; Clock   ; Slack  ; End Point TNS      ;
+---------+--------+--------------------+
; volt_0  ; -0.786 ; -23.796            ;
; F_input ; -0.445 ; -3.111             ;
+---------+--------+--------------------+


+--------------------------------------+
; Fast 1100mV 0C Model Removal Summary ;
+---------+-------+--------------------+
; Clock   ; Slack ; End Point TNS      ;
+---------+-------+--------------------+
; volt_0  ; 0.114 ; 0.000              ;
; F_input ; 0.475 ; 0.000              ;
+---------+-------+--------------------+


+--------------------------------------------------+
; Fast 1100mV 0C Model Minimum Pulse Width Summary ;
+---------+--------+-------------------------------+
; Clock   ; Slack  ; End Point TNS                 ;
+---------+--------+-------------------------------+
; F_input ; -1.702 ; -58.725                       ;
; volt_0  ; -0.379 ; -35.423                       ;
+---------+--------+-------------------------------+


----------------------------------------------
; Fast 1100mV 0C Model Metastability Summary ;
----------------------------------------------
No synchronizer chains to report.


+---------------------------------------------------------------------------------+
; Multicorner Timing Analysis Summary                                             ;
+------------------+-----------+-------+----------+---------+---------------------+
; Clock            ; Setup     ; Hold  ; Recovery ; Removal ; Minimum Pulse Width ;
+------------------+-----------+-------+----------+---------+---------------------+
; Worst-case Slack ; -144.570  ; 0.077 ; -2.579   ; 0.081   ; -2.225              ;
;  F_input         ; -4.735    ; 0.200 ; -1.933   ; 0.475   ; -2.225              ;
;  volt_0          ; -144.570  ; 0.077 ; -2.579   ; 0.081   ; -0.538              ;
; Design-wide TNS  ; -9728.814 ; 0.0   ; -95.689  ; 0.0     ; -166.756            ;
;  F_input         ; -143.543  ; 0.000 ; -14.381  ; 0.000   ; -82.701             ;
;  volt_0          ; -9601.008 ; 0.000 ; -82.428  ; 0.000   ; -84.095             ;
+------------------+-----------+-------+----------+---------+---------------------+


+--------------------------------------------------------------------------------------------------------------------------------------------------------------------------------------------------------------------------------------------------------------------------------------------------------------------------------------------------------------------------------------------------------------+
; Board Trace Model Assignments                                                                                                                                                                                                                                                                                                                                                                                ;
+-----------+--------------+-------------------+-------------------------+-------------------------+---------------+---------------------+----------------+------------------+--------+------------------+------------------------+------------------------+--------------+---------------+-----------------+-------+---------------------+--------------------+---------------+-----------------+-------------+
; Pin       ; I/O Standard ; Near Tline Length ; Near Tline L per Length ; Near Tline C per Length ; Near Series R ; Near Differential R ; Near Pull-up R ; Near Pull-down R ; Near C ; Far Tline Length ; Far Tline L per Length ; Far Tline C per Length ; Far Series R ; Far Pull-up R ; Far Pull-down R ; Far C ; Termination Voltage ; Far Differential R ; EBD File Name ; EBD Signal Name ; EBD Far-end ;
+-----------+--------------+-------------------+-------------------------+-------------------------+---------------+---------------------+----------------+------------------+--------+------------------+------------------------+------------------------+--------------+---------------+-----------------+-------+---------------------+--------------------+---------------+-----------------+-------------+
; F_output1 ; 2.5 V        ; 0 in              ; 0 H/in                  ; 0 F/in                  ; short         ; -                   ; open           ; open             ; open   ; 0 in             ; 0 H/in                 ; 0 F/in                 ; short        ; open          ; open            ; open  ; 0 V                 ; -                  ; n/a           ; n/a             ; n/a         ;
; F_output2 ; 2.5 V        ; 0 in              ; 0 H/in                  ; 0 F/in                  ; short         ; -                   ; open           ; open             ; open   ; 0 in             ; 0 H/in                 ; 0 F/in                 ; short        ; open          ; open            ; open  ; 0 V                 ; -                  ; n/a           ; n/a             ; n/a         ;
+-----------+--------------+-------------------+-------------------------+-------------------------+---------------+---------------------+----------------+------------------+--------+------------------+------------------------+------------------------+--------------+---------------+-----------------+-------+---------------------+--------------------+---------------+-----------------+-------------+


+-----------------------------------------------------------------+
; Input Transition Times                                          ;
+--------------+--------------+-----------------+-----------------+
; Pin          ; I/O Standard ; 10-90 Rise Time ; 90-10 Fall Time ;
+--------------+--------------+-----------------+-----------------+
; F_xtal       ; 2.5 V        ; 2000 ps         ; 2000 ps         ;
; C_info       ; 2.5 V        ; 2000 ps         ; 2000 ps         ;
; C_target[7]  ; 2.5 V        ; 2000 ps         ; 2000 ps         ;
; C_target[8]  ; 2.5 V        ; 2000 ps         ; 2000 ps         ;
; C_target[9]  ; 2.5 V        ; 2000 ps         ; 2000 ps         ;
; C_target[10] ; 2.5 V        ; 2000 ps         ; 2000 ps         ;
; C_target[11] ; 2.5 V        ; 2000 ps         ; 2000 ps         ;
; C_target[12] ; 2.5 V        ; 2000 ps         ; 2000 ps         ;
; C_target[13] ; 2.5 V        ; 2000 ps         ; 2000 ps         ;
; C_target[14] ; 2.5 V        ; 2000 ps         ; 2000 ps         ;
; C_target[15] ; 2.5 V        ; 2000 ps         ; 2000 ps         ;
; volt_0       ; 2.5 V        ; 2000 ps         ; 2000 ps         ;
; volt_1       ; 2.5 V        ; 2000 ps         ; 2000 ps         ;
; C_target[23] ; 2.5 V        ; 2000 ps         ; 2000 ps         ;
; C_target[24] ; 2.5 V        ; 2000 ps         ; 2000 ps         ;
; C_target[25] ; 2.5 V        ; 2000 ps         ; 2000 ps         ;
; C_target[26] ; 2.5 V        ; 2000 ps         ; 2000 ps         ;
; C_target[27] ; 2.5 V        ; 2000 ps         ; 2000 ps         ;
; C_target[28] ; 2.5 V        ; 2000 ps         ; 2000 ps         ;
; C_target[29] ; 2.5 V        ; 2000 ps         ; 2000 ps         ;
; C_target[30] ; 2.5 V        ; 2000 ps         ; 2000 ps         ;
; C_target[31] ; 2.5 V        ; 2000 ps         ; 2000 ps         ;
; F_input      ; 2.5 V        ; 2000 ps         ; 2000 ps         ;
; C_target[6]  ; 2.5 V        ; 2000 ps         ; 2000 ps         ;
; C_target[22] ; 2.5 V        ; 2000 ps         ; 2000 ps         ;
; C_target[5]  ; 2.5 V        ; 2000 ps         ; 2000 ps         ;
; C_target[21] ; 2.5 V        ; 2000 ps         ; 2000 ps         ;
; C_target[3]  ; 2.5 V        ; 2000 ps         ; 2000 ps         ;
; C_target[4]  ; 2.5 V        ; 2000 ps         ; 2000 ps         ;
; C_target[2]  ; 2.5 V        ; 2000 ps         ; 2000 ps         ;
; C_target[1]  ; 2.5 V        ; 2000 ps         ; 2000 ps         ;
; En           ; 2.5 V        ; 2000 ps         ; 2000 ps         ;
; Reset        ; 2.5 V        ; 2000 ps         ; 2000 ps         ;
; C_target[0]  ; 2.5 V        ; 2000 ps         ; 2000 ps         ;
; C_target[19] ; 2.5 V        ; 2000 ps         ; 2000 ps         ;
; C_target[20] ; 2.5 V        ; 2000 ps         ; 2000 ps         ;
; C_target[18] ; 2.5 V        ; 2000 ps         ; 2000 ps         ;
; C_target[17] ; 2.5 V        ; 2000 ps         ; 2000 ps         ;
; C_target[16] ; 2.5 V        ; 2000 ps         ; 2000 ps         ;
+--------------+--------------+-----------------+-----------------+


+----------------------------------------------------------------------------------------------------------------------------------------------------------------------------------------------------------------------------------------------------------------------------------------------------------------------------------------------------------------------------------------------------------------------------------------------------------------------------------------------------------------------------------------------------------------------------------------------------------------------------------------------------------------------------------------+
; Signal Integrity Metrics (Slow 1100mv 0c Model)                                                                                                                                                                                                                                                                                                                                                                                                                                                                                                                                                                                                                                        ;
+-----------+--------------+---------------------+---------------------+------------------------------+------------------------------+---------------------+---------------------+--------------------------------------+--------------------------------------+-----------------------------+-----------------------------+----------------------------+----------------------------+-----------------------------+-----------------------------+--------------------+--------------------+-------------------------------------+-------------------------------------+----------------------------+----------------------------+---------------------------+---------------------------+
; Pin       ; I/O Standard ; Board Delay on Rise ; Board Delay on Fall ; Steady State Voh at FPGA Pin ; Steady State Vol at FPGA Pin ; Voh Max at FPGA Pin ; Vol Min at FPGA Pin ; Ringback Voltage on Rise at FPGA Pin ; Ringback Voltage on Fall at FPGA Pin ; 10-90 Rise Time at FPGA Pin ; 90-10 Fall Time at FPGA Pin ; Monotonic Rise at FPGA Pin ; Monotonic Fall at FPGA Pin ; Steady State Voh at Far-end ; Steady State Vol at Far-end ; Voh Max at Far-end ; Vol Min at Far-end ; Ringback Voltage on Rise at Far-end ; Ringback Voltage on Fall at Far-end ; 10-90 Rise Time at Far-end ; 90-10 Fall Time at Far-end ; Monotonic Rise at Far-end ; Monotonic Fall at Far-end ;
+-----------+--------------+---------------------+---------------------+------------------------------+------------------------------+---------------------+---------------------+--------------------------------------+--------------------------------------+-----------------------------+-----------------------------+----------------------------+----------------------------+-----------------------------+-----------------------------+--------------------+--------------------+-------------------------------------+-------------------------------------+----------------------------+----------------------------+---------------------------+---------------------------+
; F_output1 ; 2.5 V        ; 0 s                 ; 0 s                 ; 2.32 V                       ; 1.88e-07 V                   ; 2.35 V              ; -0.0185 V           ; 0.153 V                              ; 0.099 V                              ; 4.6e-10 s                   ; 4.48e-10 s                  ; No                         ; Yes                        ; 2.32 V                      ; 1.88e-07 V                  ; 2.35 V             ; -0.0185 V          ; 0.153 V                             ; 0.099 V                             ; 4.6e-10 s                  ; 4.48e-10 s                 ; No                        ; Yes                       ;
; F_output2 ; 2.5 V        ; 0 s                 ; 0 s                 ; 2.32 V                       ; 2.15e-07 V                   ; 2.41 V              ; -0.0495 V           ; 0.18 V                               ; 0.115 V                              ; 4.54e-10 s                  ; 4.44e-10 s                  ; No                         ; Yes                        ; 2.32 V                      ; 2.15e-07 V                  ; 2.41 V             ; -0.0495 V          ; 0.18 V                              ; 0.115 V                             ; 4.54e-10 s                 ; 4.44e-10 s                 ; No                        ; Yes                       ;
+-----------+--------------+---------------------+---------------------+------------------------------+------------------------------+---------------------+---------------------+--------------------------------------+--------------------------------------+-----------------------------+-----------------------------+----------------------------+----------------------------+-----------------------------+-----------------------------+--------------------+--------------------+-------------------------------------+-------------------------------------+----------------------------+----------------------------+---------------------------+---------------------------+


+----------------------------------------------------------------------------------------------------------------------------------------------------------------------------------------------------------------------------------------------------------------------------------------------------------------------------------------------------------------------------------------------------------------------------------------------------------------------------------------------------------------------------------------------------------------------------------------------------------------------------------------------------------------------------------------+
; Signal Integrity Metrics (Slow 1100mv 85c Model)                                                                                                                                                                                                                                                                                                                                                                                                                                                                                                                                                                                                                                       ;
+-----------+--------------+---------------------+---------------------+------------------------------+------------------------------+---------------------+---------------------+--------------------------------------+--------------------------------------+-----------------------------+-----------------------------+----------------------------+----------------------------+-----------------------------+-----------------------------+--------------------+--------------------+-------------------------------------+-------------------------------------+----------------------------+----------------------------+---------------------------+---------------------------+
; Pin       ; I/O Standard ; Board Delay on Rise ; Board Delay on Fall ; Steady State Voh at FPGA Pin ; Steady State Vol at FPGA Pin ; Voh Max at FPGA Pin ; Vol Min at FPGA Pin ; Ringback Voltage on Rise at FPGA Pin ; Ringback Voltage on Fall at FPGA Pin ; 10-90 Rise Time at FPGA Pin ; 90-10 Fall Time at FPGA Pin ; Monotonic Rise at FPGA Pin ; Monotonic Fall at FPGA Pin ; Steady State Voh at Far-end ; Steady State Vol at Far-end ; Voh Max at Far-end ; Vol Min at Far-end ; Ringback Voltage on Rise at Far-end ; Ringback Voltage on Fall at Far-end ; 10-90 Rise Time at Far-end ; 90-10 Fall Time at Far-end ; Monotonic Rise at Far-end ; Monotonic Fall at Far-end ;
+-----------+--------------+---------------------+---------------------+------------------------------+------------------------------+---------------------+---------------------+--------------------------------------+--------------------------------------+-----------------------------+-----------------------------+----------------------------+----------------------------+-----------------------------+-----------------------------+--------------------+--------------------+-------------------------------------+-------------------------------------+----------------------------+----------------------------+---------------------------+---------------------------+
; F_output1 ; 2.5 V        ; 0 s                 ; 0 s                 ; 2.32 V                       ; 2.27e-05 V                   ; 2.34 V              ; -0.0089 V           ; 0.206 V                              ; 0.058 V                              ; 4.97e-10 s                  ; 5.13e-10 s                  ; Yes                        ; Yes                        ; 2.32 V                      ; 2.27e-05 V                  ; 2.34 V             ; -0.0089 V          ; 0.206 V                             ; 0.058 V                             ; 4.97e-10 s                 ; 5.13e-10 s                 ; Yes                       ; Yes                       ;
; F_output2 ; 2.5 V        ; 0 s                 ; 0 s                 ; 2.32 V                       ; 2.52e-05 V                   ; 2.38 V              ; -0.0315 V           ; 0.205 V                              ; 0.182 V                              ; 4.74e-10 s                  ; 4.85e-10 s                  ; No                         ; Yes                        ; 2.32 V                      ; 2.52e-05 V                  ; 2.38 V             ; -0.0315 V          ; 0.205 V                             ; 0.182 V                             ; 4.74e-10 s                 ; 4.85e-10 s                 ; No                        ; Yes                       ;
+-----------+--------------+---------------------+---------------------+------------------------------+------------------------------+---------------------+---------------------+--------------------------------------+--------------------------------------+-----------------------------+-----------------------------+----------------------------+----------------------------+-----------------------------+-----------------------------+--------------------+--------------------+-------------------------------------+-------------------------------------+----------------------------+----------------------------+---------------------------+---------------------------+


+----------------------------------------------------------------------------------------------------------------------------------------------------------------------------------------------------------------------------------------------------------------------------------------------------------------------------------------------------------------------------------------------------------------------------------------------------------------------------------------------------------------------------------------------------------------------------------------------------------------------------------------------------------------------------------------+
; Signal Integrity Metrics (Fast 1100mv 0c Model)                                                                                                                                                                                                                                                                                                                                                                                                                                                                                                                                                                                                                                        ;
+-----------+--------------+---------------------+---------------------+------------------------------+------------------------------+---------------------+---------------------+--------------------------------------+--------------------------------------+-----------------------------+-----------------------------+----------------------------+----------------------------+-----------------------------+-----------------------------+--------------------+--------------------+-------------------------------------+-------------------------------------+----------------------------+----------------------------+---------------------------+---------------------------+
; Pin       ; I/O Standard ; Board Delay on Rise ; Board Delay on Fall ; Steady State Voh at FPGA Pin ; Steady State Vol at FPGA Pin ; Voh Max at FPGA Pin ; Vol Min at FPGA Pin ; Ringback Voltage on Rise at FPGA Pin ; Ringback Voltage on Fall at FPGA Pin ; 10-90 Rise Time at FPGA Pin ; 90-10 Fall Time at FPGA Pin ; Monotonic Rise at FPGA Pin ; Monotonic Fall at FPGA Pin ; Steady State Voh at Far-end ; Steady State Vol at Far-end ; Voh Max at Far-end ; Vol Min at Far-end ; Ringback Voltage on Rise at Far-end ; Ringback Voltage on Fall at Far-end ; 10-90 Rise Time at Far-end ; 90-10 Fall Time at Far-end ; Monotonic Rise at Far-end ; Monotonic Fall at Far-end ;
+-----------+--------------+---------------------+---------------------+------------------------------+------------------------------+---------------------+---------------------+--------------------------------------+--------------------------------------+-----------------------------+-----------------------------+----------------------------+----------------------------+-----------------------------+-----------------------------+--------------------+--------------------+-------------------------------------+-------------------------------------+----------------------------+----------------------------+---------------------------+---------------------------+
; F_output1 ; 2.5 V        ; 0 s                 ; 0 s                 ; 2.75 V                       ; 3.54e-06 V                   ; 2.81 V              ; -0.0578 V           ; 0.303 V                              ; 0.28 V                               ; 2.93e-10 s                  ; 3.01e-10 s                  ; No                         ; No                         ; 2.75 V                      ; 3.54e-06 V                  ; 2.81 V             ; -0.0578 V          ; 0.303 V                             ; 0.28 V                              ; 2.93e-10 s                 ; 3.01e-10 s                 ; No                        ; No                        ;
; F_output2 ; 2.5 V        ; 0 s                 ; 0 s                 ; 2.75 V                       ; 4.14e-06 V                   ; 2.91 V              ; -0.121 V            ; 0.326 V                              ; 0.297 V                              ; 2.74e-10 s                  ; 2.8e-10 s                   ; No                         ; No                         ; 2.75 V                      ; 4.14e-06 V                  ; 2.91 V             ; -0.121 V           ; 0.326 V                             ; 0.297 V                             ; 2.74e-10 s                 ; 2.8e-10 s                  ; No                        ; No                        ;
+-----------+--------------+---------------------+---------------------+------------------------------+------------------------------+---------------------+---------------------+--------------------------------------+--------------------------------------+-----------------------------+-----------------------------+----------------------------+----------------------------+-----------------------------+-----------------------------+--------------------+--------------------+-------------------------------------+-------------------------------------+----------------------------+----------------------------+---------------------------+---------------------------+


+----------------------------------------------------------------------------------------------------------------------------------------------------------------------------------------------------------------------------------------------------------------------------------------------------------------------------------------------------------------------------------------------------------------------------------------------------------------------------------------------------------------------------------------------------------------------------------------------------------------------------------------------------------------------------------------+
; Signal Integrity Metrics (Fast 1100mv 85c Model)                                                                                                                                                                                                                                                                                                                                                                                                                                                                                                                                                                                                                                       ;
+-----------+--------------+---------------------+---------------------+------------------------------+------------------------------+---------------------+---------------------+--------------------------------------+--------------------------------------+-----------------------------+-----------------------------+----------------------------+----------------------------+-----------------------------+-----------------------------+--------------------+--------------------+-------------------------------------+-------------------------------------+----------------------------+----------------------------+---------------------------+---------------------------+
; Pin       ; I/O Standard ; Board Delay on Rise ; Board Delay on Fall ; Steady State Voh at FPGA Pin ; Steady State Vol at FPGA Pin ; Voh Max at FPGA Pin ; Vol Min at FPGA Pin ; Ringback Voltage on Rise at FPGA Pin ; Ringback Voltage on Fall at FPGA Pin ; 10-90 Rise Time at FPGA Pin ; 90-10 Fall Time at FPGA Pin ; Monotonic Rise at FPGA Pin ; Monotonic Fall at FPGA Pin ; Steady State Voh at Far-end ; Steady State Vol at Far-end ; Voh Max at Far-end ; Vol Min at Far-end ; Ringback Voltage on Rise at Far-end ; Ringback Voltage on Fall at Far-end ; 10-90 Rise Time at Far-end ; 90-10 Fall Time at Far-end ; Monotonic Rise at Far-end ; Monotonic Fall at Far-end ;
+-----------+--------------+---------------------+---------------------+------------------------------+------------------------------+---------------------+---------------------+--------------------------------------+--------------------------------------+-----------------------------+-----------------------------+----------------------------+----------------------------+-----------------------------+-----------------------------+--------------------+--------------------+-------------------------------------+-------------------------------------+----------------------------+----------------------------+---------------------------+---------------------------+
; F_output1 ; 2.5 V        ; 0 s                 ; 0 s                 ; 2.75 V                       ; 0.000213 V                   ; 2.79 V              ; -0.0324 V           ; 0.139 V                              ; 0.119 V                              ; 4.42e-10 s                  ; 4.33e-10 s                  ; No                         ; Yes                        ; 2.75 V                      ; 0.000213 V                  ; 2.79 V             ; -0.0324 V          ; 0.139 V                             ; 0.119 V                             ; 4.42e-10 s                 ; 4.33e-10 s                 ; No                        ; Yes                       ;
; F_output2 ; 2.5 V        ; 0 s                 ; 0 s                 ; 2.75 V                       ; 0.000242 V                   ; 2.86 V              ; -0.0814 V           ; 0.36 V                               ; 0.156 V                              ; 3e-10 s                     ; 4.34e-10 s                  ; No                         ; No                         ; 2.75 V                      ; 0.000242 V                  ; 2.86 V             ; -0.0814 V          ; 0.36 V                              ; 0.156 V                             ; 3e-10 s                    ; 4.34e-10 s                 ; No                        ; No                        ;
+-----------+--------------+---------------------+---------------------+------------------------------+------------------------------+---------------------+---------------------+--------------------------------------+--------------------------------------+-----------------------------+-----------------------------+----------------------------+----------------------------+-----------------------------+-----------------------------+--------------------+--------------------+-------------------------------------+-------------------------------------+----------------------------+----------------------------+---------------------------+---------------------------+


+-----------------------------------------------------------------------+
; Setup Transfers                                                       ;
+------------+----------+----------+----------+--------------+----------+
; From Clock ; To Clock ; RR Paths ; FR Paths ; RF Paths     ; FF Paths ;
+------------+----------+----------+----------+--------------+----------+
; F_input    ; F_input  ; 49       ; 0        ; 0            ; 0        ;
; volt_0     ; F_input  ; 0        ; 32       ; 0            ; 0        ;
; F_input    ; volt_0   ; 0        ; 0        ; > 2147483647 ; 0        ;
; volt_0     ; volt_0   ; 0        ; 0        ; 0            ; 13034    ;
+------------+----------+----------+----------+--------------+----------+
Entries labeled "false path" only account for clock-to-clock false paths and not path-based false paths. As a result, actual path counts may be lower than reported.


+-----------------------------------------------------------------------+
; Hold Transfers                                                        ;
+------------+----------+----------+----------+--------------+----------+
; From Clock ; To Clock ; RR Paths ; FR Paths ; RF Paths     ; FF Paths ;
+------------+----------+----------+----------+--------------+----------+
; F_input    ; F_input  ; 49       ; 0        ; 0            ; 0        ;
; volt_0     ; F_input  ; 0        ; 32       ; 0            ; 0        ;
; F_input    ; volt_0   ; 0        ; 0        ; > 2147483647 ; 0        ;
; volt_0     ; volt_0   ; 0        ; 0        ; 0            ; 13034    ;
+------------+----------+----------+----------+--------------+----------+
Entries labeled "false path" only account for clock-to-clock false paths and not path-based false paths. As a result, actual path counts may be lower than reported.


+-------------------------------------------------------------------+
; Recovery Transfers                                                ;
+------------+----------+----------+----------+----------+----------+
; From Clock ; To Clock ; RR Paths ; FR Paths ; RF Paths ; FF Paths ;
+------------+----------+----------+----------+----------+----------+
; F_input    ; F_input  ; 8        ; 0        ; 0        ; 0        ;
; F_input    ; volt_0   ; 0        ; 0        ; 32       ; 0        ;
+------------+----------+----------+----------+----------+----------+
Entries labeled "false path" only account for clock-to-clock false paths and not path-based false paths. As a result, actual path counts may be lower than reported.


+-------------------------------------------------------------------+
; Removal Transfers                                                 ;
+------------+----------+----------+----------+----------+----------+
; From Clock ; To Clock ; RR Paths ; FR Paths ; RF Paths ; FF Paths ;
+------------+----------+----------+----------+----------+----------+
; F_input    ; F_input  ; 8        ; 0        ; 0        ; 0        ;
; F_input    ; volt_0   ; 0        ; 0        ; 32       ; 0        ;
+------------+----------+----------+----------+----------+----------+
Entries labeled "false path" only account for clock-to-clock false paths and not path-based false paths. As a result, actual path counts may be lower than reported.


---------------
; Report TCCS ;
---------------
No dedicated SERDES Transmitter circuitry present in device or used in design


---------------
; Report RSKM ;
---------------
No non-DPA dedicated SERDES Receiver circuitry present in device or used in design


+------------------------------------------------+
; Unconstrained Paths Summary                    ;
+---------------------------------+-------+------+
; Property                        ; Setup ; Hold ;
+---------------------------------+-------+------+
; Illegal Clocks                  ; 0     ; 0    ;
; Unconstrained Clocks            ; 0     ; 0    ;
; Unconstrained Input Ports       ; 35    ; 35   ;
; Unconstrained Input Port Paths  ; 1229  ; 1229 ;
; Unconstrained Output Ports      ; 2     ; 2    ;
; Unconstrained Output Port Paths ; 2     ; 2    ;
+---------------------------------+-------+------+


+----------------------------------------+
; Clock Status Summary                   ;
+---------+---------+------+-------------+
; Target  ; Clock   ; Type ; Status      ;
+---------+---------+------+-------------+
; F_input ; F_input ; Base ; Constrained ;
; volt_0  ; volt_0  ; Base ; Constrained ;
+---------+---------+------+-------------+


+-----------------------------------------------------------------------------------------------------+
; Unconstrained Input Ports                                                                           ;
+--------------+--------------------------------------------------------------------------------------+
; Input Port   ; Comment                                                                              ;
+--------------+--------------------------------------------------------------------------------------+
; C_info       ; No input delay, min/max delays, false-path exceptions, or max skew assignments found ;
; C_target[0]  ; No input delay, min/max delays, false-path exceptions, or max skew assignments found ;
; C_target[1]  ; No input delay, min/max delays, false-path exceptions, or max skew assignments found ;
; C_target[2]  ; No input delay, min/max delays, false-path exceptions, or max skew assignments found ;
; C_target[3]  ; No input delay, min/max delays, false-path exceptions, or max skew assignments found ;
; C_target[4]  ; No input delay, min/max delays, false-path exceptions, or max skew assignments found ;
; C_target[5]  ; No input delay, min/max delays, false-path exceptions, or max skew assignments found ;
; C_target[6]  ; No input delay, min/max delays, false-path exceptions, or max skew assignments found ;
; C_target[7]  ; No input delay, min/max delays, false-path exceptions, or max skew assignments found ;
; C_target[8]  ; No input delay, min/max delays, false-path exceptions, or max skew assignments found ;
; C_target[9]  ; No input delay, min/max delays, false-path exceptions, or max skew assignments found ;
; C_target[10] ; No input delay, min/max delays, false-path exceptions, or max skew assignments found ;
; C_target[11] ; No input delay, min/max delays, false-path exceptions, or max skew assignments found ;
; C_target[12] ; No input delay, min/max delays, false-path exceptions, or max skew assignments found ;
; C_target[13] ; No input delay, min/max delays, false-path exceptions, or max skew assignments found ;
; C_target[14] ; No input delay, min/max delays, false-path exceptions, or max skew assignments found ;
; C_target[15] ; No input delay, min/max delays, false-path exceptions, or max skew assignments found ;
; C_target[16] ; No input delay, min/max delays, false-path exceptions, or max skew assignments found ;
; C_target[17] ; No input delay, min/max delays, false-path exceptions, or max skew assignments found ;
; C_target[18] ; No input delay, min/max delays, false-path exceptions, or max skew assignments found ;
; C_target[19] ; No input delay, min/max delays, false-path exceptions, or max skew assignments found ;
; C_target[20] ; No input delay, min/max delays, false-path exceptions, or max skew assignments found ;
; C_target[21] ; No input delay, min/max delays, false-path exceptions, or max skew assignments found ;
; C_target[22] ; No input delay, min/max delays, false-path exceptions, or max skew assignments found ;
; C_target[23] ; No input delay, min/max delays, false-path exceptions, or max skew assignments found ;
; C_target[24] ; No input delay, min/max delays, false-path exceptions, or max skew assignments found ;
; C_target[25] ; No input delay, min/max delays, false-path exceptions, or max skew assignments found ;
; C_target[26] ; No input delay, min/max delays, false-path exceptions, or max skew assignments found ;
; C_target[27] ; No input delay, min/max delays, false-path exceptions, or max skew assignments found ;
; C_target[28] ; No input delay, min/max delays, false-path exceptions, or max skew assignments found ;
; C_target[29] ; No input delay, min/max delays, false-path exceptions, or max skew assignments found ;
; C_target[30] ; No input delay, min/max delays, false-path exceptions, or max skew assignments found ;
; C_target[31] ; No input delay, min/max delays, false-path exceptions, or max skew assignments found ;
; En           ; No input delay, min/max delays, false-path exceptions, or max skew assignments found ;
; Reset        ; No input delay, min/max delays, false-path exceptions, or max skew assignments found ;
+--------------+--------------------------------------------------------------------------------------+


+-----------------------------------------------------------------------------------------------------+
; Unconstrained Output Ports                                                                          ;
+-------------+---------------------------------------------------------------------------------------+
; Output Port ; Comment                                                                               ;
+-------------+---------------------------------------------------------------------------------------+
; F_output1   ; No output delay, min/max delays, false-path exceptions, or max skew assignments found ;
; F_output2   ; No output delay, min/max delays, false-path exceptions, or max skew assignments found ;
+-------------+---------------------------------------------------------------------------------------+


+-----------------------------------------------------------------------------------------------------+
; Unconstrained Input Ports                                                                           ;
+--------------+--------------------------------------------------------------------------------------+
; Input Port   ; Comment                                                                              ;
+--------------+--------------------------------------------------------------------------------------+
; C_info       ; No input delay, min/max delays, false-path exceptions, or max skew assignments found ;
; C_target[0]  ; No input delay, min/max delays, false-path exceptions, or max skew assignments found ;
; C_target[1]  ; No input delay, min/max delays, false-path exceptions, or max skew assignments found ;
; C_target[2]  ; No input delay, min/max delays, false-path exceptions, or max skew assignments found ;
; C_target[3]  ; No input delay, min/max delays, false-path exceptions, or max skew assignments found ;
; C_target[4]  ; No input delay, min/max delays, false-path exceptions, or max skew assignments found ;
; C_target[5]  ; No input delay, min/max delays, false-path exceptions, or max skew assignments found ;
; C_target[6]  ; No input delay, min/max delays, false-path exceptions, or max skew assignments found ;
; C_target[7]  ; No input delay, min/max delays, false-path exceptions, or max skew assignments found ;
; C_target[8]  ; No input delay, min/max delays, false-path exceptions, or max skew assignments found ;
; C_target[9]  ; No input delay, min/max delays, false-path exceptions, or max skew assignments found ;
; C_target[10] ; No input delay, min/max delays, false-path exceptions, or max skew assignments found ;
; C_target[11] ; No input delay, min/max delays, false-path exceptions, or max skew assignments found ;
; C_target[12] ; No input delay, min/max delays, false-path exceptions, or max skew assignments found ;
; C_target[13] ; No input delay, min/max delays, false-path exceptions, or max skew assignments found ;
; C_target[14] ; No input delay, min/max delays, false-path exceptions, or max skew assignments found ;
; C_target[15] ; No input delay, min/max delays, false-path exceptions, or max skew assignments found ;
; C_target[16] ; No input delay, min/max delays, false-path exceptions, or max skew assignments found ;
; C_target[17] ; No input delay, min/max delays, false-path exceptions, or max skew assignments found ;
; C_target[18] ; No input delay, min/max delays, false-path exceptions, or max skew assignments found ;
; C_target[19] ; No input delay, min/max delays, false-path exceptions, or max skew assignments found ;
; C_target[20] ; No input delay, min/max delays, false-path exceptions, or max skew assignments found ;
; C_target[21] ; No input delay, min/max delays, false-path exceptions, or max skew assignments found ;
; C_target[22] ; No input delay, min/max delays, false-path exceptions, or max skew assignments found ;
; C_target[23] ; No input delay, min/max delays, false-path exceptions, or max skew assignments found ;
; C_target[24] ; No input delay, min/max delays, false-path exceptions, or max skew assignments found ;
; C_target[25] ; No input delay, min/max delays, false-path exceptions, or max skew assignments found ;
; C_target[26] ; No input delay, min/max delays, false-path exceptions, or max skew assignments found ;
; C_target[27] ; No input delay, min/max delays, false-path exceptions, or max skew assignments found ;
; C_target[28] ; No input delay, min/max delays, false-path exceptions, or max skew assignments found ;
; C_target[29] ; No input delay, min/max delays, false-path exceptions, or max skew assignments found ;
; C_target[30] ; No input delay, min/max delays, false-path exceptions, or max skew assignments found ;
; C_target[31] ; No input delay, min/max delays, false-path exceptions, or max skew assignments found ;
; En           ; No input delay, min/max delays, false-path exceptions, or max skew assignments found ;
; Reset        ; No input delay, min/max delays, false-path exceptions, or max skew assignments found ;
+--------------+--------------------------------------------------------------------------------------+


+-----------------------------------------------------------------------------------------------------+
; Unconstrained Output Ports                                                                          ;
+-------------+---------------------------------------------------------------------------------------+
; Output Port ; Comment                                                                               ;
+-------------+---------------------------------------------------------------------------------------+
; F_output1   ; No output delay, min/max delays, false-path exceptions, or max skew assignments found ;
; F_output2   ; No output delay, min/max delays, false-path exceptions, or max skew assignments found ;
+-------------+---------------------------------------------------------------------------------------+


+--------------------------+
; Timing Analyzer Messages ;
+--------------------------+
Info: *******************************************************************
Info: Running Quartus Prime Timing Analyzer
    Info: Version 22.1std.1 Build 917 02/14/2023 SC Lite Edition
    Info: Processing started: Thu Apr 13 16:36:35 2023
Info: Command: quartus_sta ADPLL_5_3 -c ADPLL_5_3
Info: qsta_default_script.tcl version: #1
Warning (18236): Number of processors has not been specified which may cause overloading on shared machines.  Set the global assignment NUM_PARALLEL_PROCESSORS in your QSF to an appropriate value for best performance.
Info (20030): Parallel compilation is enabled and will use 4 of the 4 processors detected
Info (21077): Low junction temperature is 0 degrees C
Info (21077): High junction temperature is 85 degrees C
Critical Warning (332012): Synopsys Design Constraints File file not found: 'ADPLL_5_3.sdc'. A Synopsys Design Constraints File is required by the Timing Analyzer to get proper timing constraints. Without it, the Compiler will not properly optimize the design.
Info (332142): No user constrained base clocks found in the design. Calling "derive_clocks -period 1.0"
Info (332105): Deriving Clocks
    Info (332105): create_clock -period 1.000 -name volt_0 volt_0
    Info (332105): create_clock -period 1.000 -name F_input F_input
Warning (332125): Found combinational loop of 6 nodes File: C:/Users/uwtpatron/Desktop/ADPLL_5_3/ringOscillator.sv Line: 16
    Warning (332126): Node "RingGenerate|DUT1|inverter[2]|combout"
    Warning (332126): Node "RingGenerate|DUT1|inverter[0]|datab"
    Warning (332126): Node "RingGenerate|DUT1|inverter[0]|combout"
    Warning (332126): Node "RingGenerate|DUT1|inverter[1]|dataf"
    Warning (332126): Node "RingGenerate|DUT1|inverter[1]|combout"
    Warning (332126): Node "RingGenerate|DUT1|inverter[2]|dataf"
Info (332143): No user constrained clock uncertainty found in the design. Calling "derive_clock_uncertainty"
Info (332123): Deriving Clock Uncertainty. Please refer to report_sdc in the Timing Analyzer to see clock uncertainties.
Info: Found TIMING_ANALYZER_REPORT_SCRIPT_INCLUDE_DEFAULT_ANALYSIS = ON
Info: Analyzing Slow 1100mV 85C Model
Critical Warning (332148): Timing requirements not met
    Info (11105): For recommendations on closing timing, run Report Timing Closure Recommendations in the Timing Analyzer.
Info (332146): Worst-case setup slack is -138.777
    Info (332119):     Slack       End Point TNS Clock 
    Info (332119): ========= =================== =====================
    Info (332119):  -138.777           -9231.922 volt_0 
    Info (332119):    -4.735            -143.543 F_input 
Info (332146): Worst-case hold slack is 0.331
    Info (332119):     Slack       End Point TNS Clock 
    Info (332119): ========= =================== =====================
    Info (332119):     0.331               0.000 volt_0 
    Info (332119):     0.453               0.000 F_input 
Info (332146): Worst-case recovery slack is -2.504
    Info (332119):     Slack       End Point TNS Clock 
    Info (332119): ========= =================== =====================
    Info (332119):    -2.504             -79.244 volt_0 
    Info (332119):    -1.933             -14.381 F_input 
Info (332146): Worst-case removal slack is 0.598
    Info (332119):     Slack       End Point TNS Clock 
    Info (332119): ========= =================== =====================
    Info (332119):     0.598               0.000 volt_0 
    Info (332119):     1.066               0.000 F_input 
Info (332146): Worst-case minimum pulse width slack is -2.225
    Info (332119):     Slack       End Point TNS Clock 
    Info (332119): ========= =================== =====================
    Info (332119):    -2.225             -82.661 F_input 
    Info (332119):    -0.538             -84.095 volt_0 
Info: Analyzing Slow 1100mV 0C Model
Info (334003): Started post-fitting delay annotation
Info (334004): Delay annotation completed successfully
Info (332123): Deriving Clock Uncertainty. Please refer to report_sdc in the Timing Analyzer to see clock uncertainties.
Critical Warning (332148): Timing requirements not met
    Info (11105): For recommendations on closing timing, run Report Timing Closure Recommendations in the Timing Analyzer.
Info (332146): Worst-case setup slack is -144.570
    Info (332119):     Slack       End Point TNS Clock 
    Info (332119): ========= =================== =====================
    Info (332119):  -144.570           -9601.008 volt_0 
    Info (332119):    -4.164            -127.806 F_input 
Info (332146): Worst-case hold slack is 0.339
    Info (332119):     Slack       End Point TNS Clock 
    Info (332119): ========= =================== =====================
    Info (332119):     0.339               0.000 volt_0 
    Info (332119):     0.453               0.000 F_input 
Info (332146): Worst-case recovery slack is -2.579
    Info (332119):     Slack       End Point TNS Clock 
    Info (332119): ========= =================== =====================
    Info (332119):    -2.579             -82.428 volt_0 
    Info (332119):    -1.786             -13.261 F_input 
Info (332146): Worst-case removal slack is 0.753
    Info (332119):     Slack       End Point TNS Clock 
    Info (332119): ========= =================== =====================
    Info (332119):     0.753               0.000 volt_0 
    Info (332119):     0.997               0.000 F_input 
Info (332146): Worst-case minimum pulse width slack is -2.225
    Info (332119):     Slack       End Point TNS Clock 
    Info (332119): ========= =================== =====================
    Info (332119):    -2.225             -82.701 F_input 
    Info (332119):    -0.538             -83.925 volt_0 
Info: Analyzing Fast 1100mV 85C Model
Info (334003): Started post-fitting delay annotation
Info (334004): Delay annotation completed successfully
Info (332123): Deriving Clock Uncertainty. Please refer to report_sdc in the Timing Analyzer to see clock uncertainties.
Critical Warning (332148): Timing requirements not met
    Info (11105): For recommendations on closing timing, run Report Timing Closure Recommendations in the Timing Analyzer.
Info (332146): Worst-case setup slack is -65.121
    Info (332119):     Slack       End Point TNS Clock 
    Info (332119): ========= =================== =====================
    Info (332119):   -65.121           -4337.055 volt_0 
    Info (332119):    -2.902             -82.013 F_input 
Info (332146): Worst-case hold slack is 0.088
    Info (332119):     Slack       End Point TNS Clock 
    Info (332119): ========= =================== =====================
    Info (332119):     0.088               0.000 volt_0 
    Info (332119):     0.217               0.000 F_input 
Info (332146): Worst-case recovery slack is -0.909
    Info (332119):     Slack       End Point TNS Clock 
    Info (332119): ========= =================== =====================
    Info (332119):    -0.909             -27.136 volt_0 
    Info (332119):    -0.625              -4.367 F_input 
Info (332146): Worst-case removal slack is 0.081
    Info (332119):     Slack       End Point TNS Clock 
    Info (332119): ========= =================== =====================
    Info (332119):     0.081               0.000 volt_0 
    Info (332119):     0.532               0.000 F_input 
Info (332146): Worst-case minimum pulse width slack is -1.702
    Info (332119):     Slack       End Point TNS Clock 
    Info (332119): ========= =================== =====================
    Info (332119):    -1.702             -58.725 F_input 
    Info (332119):    -0.362             -32.352 volt_0 
Info: Analyzing Fast 1100mV 0C Model
Info (332123): Deriving Clock Uncertainty. Please refer to report_sdc in the Timing Analyzer to see clock uncertainties.
Critical Warning (332148): Timing requirements not met
    Info (11105): For recommendations on closing timing, run Report Timing Closure Recommendations in the Timing Analyzer.
Info (332146): Worst-case setup slack is -60.462
    Info (332119):     Slack       End Point TNS Clock 
    Info (332119): ========= =================== =====================
    Info (332119):   -60.462           -4023.672 volt_0 
    Info (332119):    -2.480             -70.061 F_input 
Info (332146): Worst-case hold slack is 0.077
    Info (332119):     Slack       End Point TNS Clock 
    Info (332119): ========= =================== =====================
    Info (332119):     0.077               0.000 volt_0 
    Info (332119):     0.200               0.000 F_input 
Info (332146): Worst-case recovery slack is -0.786
    Info (332119):     Slack       End Point TNS Clock 
    Info (332119): ========= =================== =====================
    Info (332119):    -0.786             -23.796 volt_0 
    Info (332119):    -0.445              -3.111 F_input 
Info (332146): Worst-case removal slack is 0.114
    Info (332119):     Slack       End Point TNS Clock 
    Info (332119): ========= =================== =====================
    Info (332119):     0.114               0.000 volt_0 
    Info (332119):     0.475               0.000 F_input 
Info (332146): Worst-case minimum pulse width slack is -1.702
    Info (332119):     Slack       End Point TNS Clock 
    Info (332119): ========= =================== =====================
    Info (332119):    -1.702             -58.725 F_input 
    Info (332119):    -0.379             -35.423 volt_0 
Info (332102): Design is not fully constrained for setup requirements
Info (332102): Design is not fully constrained for hold requirements
Info: Quartus Prime Timing Analyzer was successful. 0 errors, 13 warnings
    Info: Peak virtual memory: 5312 megabytes
    Info: Processing ended: Thu Apr 13 16:36:49 2023
    Info: Elapsed time: 00:00:14
    Info: Total CPU time (on all processors): 00:00:29


